Archive member included to satisfy reference by file (symbol)

C:/ST/STM32CubeIDE_1.15.1/STM32CubeIDE/plugins/com.st.stm32cube.ide.mcu.externaltools.gnu-tools-for-stm32.12.3.rel1.win32_1.0.200.202406191623/tools/bin/../lib/gcc/arm-none-eabi/12.3.1/../../../../arm-none-eabi/lib/thumb/v7e-m+fp/hard\libc_nano.a(libc_a-exit.o)
                              C:/ST/STM32CubeIDE_1.15.1/STM32CubeIDE/plugins/com.st.stm32cube.ide.mcu.externaltools.gnu-tools-for-stm32.12.3.rel1.win32_1.0.200.202406191623/tools/bin/../lib/gcc/arm-none-eabi/12.3.1/../../../../arm-none-eabi/lib/thumb/v7e-m+fp/hard/crt0.o (exit)
C:/ST/STM32CubeIDE_1.15.1/STM32CubeIDE/plugins/com.st.stm32cube.ide.mcu.externaltools.gnu-tools-for-stm32.12.3.rel1.win32_1.0.200.202406191623/tools/bin/../lib/gcc/arm-none-eabi/12.3.1/../../../../arm-none-eabi/lib/thumb/v7e-m+fp/hard\libc_nano.a(libc_a-findfp.o)
                              C:/ST/STM32CubeIDE_1.15.1/STM32CubeIDE/plugins/com.st.stm32cube.ide.mcu.externaltools.gnu-tools-for-stm32.12.3.rel1.win32_1.0.200.202406191623/tools/bin/../lib/gcc/arm-none-eabi/12.3.1/../../../../arm-none-eabi/lib/thumb/v7e-m+fp/hard\libc_nano.a(libc_a-exit.o) (__stdio_exit_handler)
C:/ST/STM32CubeIDE_1.15.1/STM32CubeIDE/plugins/com.st.stm32cube.ide.mcu.externaltools.gnu-tools-for-stm32.12.3.rel1.win32_1.0.200.202406191623/tools/bin/../lib/gcc/arm-none-eabi/12.3.1/../../../../arm-none-eabi/lib/thumb/v7e-m+fp/hard\libc_nano.a(libc_a-fwalk.o)
                              C:/ST/STM32CubeIDE_1.15.1/STM32CubeIDE/plugins/com.st.stm32cube.ide.mcu.externaltools.gnu-tools-for-stm32.12.3.rel1.win32_1.0.200.202406191623/tools/bin/../lib/gcc/arm-none-eabi/12.3.1/../../../../arm-none-eabi/lib/thumb/v7e-m+fp/hard\libc_nano.a(libc_a-findfp.o) (_fwalk_sglue)
C:/ST/STM32CubeIDE_1.15.1/STM32CubeIDE/plugins/com.st.stm32cube.ide.mcu.externaltools.gnu-tools-for-stm32.12.3.rel1.win32_1.0.200.202406191623/tools/bin/../lib/gcc/arm-none-eabi/12.3.1/../../../../arm-none-eabi/lib/thumb/v7e-m+fp/hard\libc_nano.a(libc_a-stdio.o)
                              C:/ST/STM32CubeIDE_1.15.1/STM32CubeIDE/plugins/com.st.stm32cube.ide.mcu.externaltools.gnu-tools-for-stm32.12.3.rel1.win32_1.0.200.202406191623/tools/bin/../lib/gcc/arm-none-eabi/12.3.1/../../../../arm-none-eabi/lib/thumb/v7e-m+fp/hard\libc_nano.a(libc_a-findfp.o) (__sread)
C:/ST/STM32CubeIDE_1.15.1/STM32CubeIDE/plugins/com.st.stm32cube.ide.mcu.externaltools.gnu-tools-for-stm32.12.3.rel1.win32_1.0.200.202406191623/tools/bin/../lib/gcc/arm-none-eabi/12.3.1/../../../../arm-none-eabi/lib/thumb/v7e-m+fp/hard\libc_nano.a(libc_a-memset.o)
                              C:/ST/STM32CubeIDE_1.15.1/STM32CubeIDE/plugins/com.st.stm32cube.ide.mcu.externaltools.gnu-tools-for-stm32.12.3.rel1.win32_1.0.200.202406191623/tools/bin/../lib/gcc/arm-none-eabi/12.3.1/../../../../arm-none-eabi/lib/thumb/v7e-m+fp/hard/crt0.o (memset)
C:/ST/STM32CubeIDE_1.15.1/STM32CubeIDE/plugins/com.st.stm32cube.ide.mcu.externaltools.gnu-tools-for-stm32.12.3.rel1.win32_1.0.200.202406191623/tools/bin/../lib/gcc/arm-none-eabi/12.3.1/../../../../arm-none-eabi/lib/thumb/v7e-m+fp/hard\libc_nano.a(libc_a-closer.o)
                              C:/ST/STM32CubeIDE_1.15.1/STM32CubeIDE/plugins/com.st.stm32cube.ide.mcu.externaltools.gnu-tools-for-stm32.12.3.rel1.win32_1.0.200.202406191623/tools/bin/../lib/gcc/arm-none-eabi/12.3.1/../../../../arm-none-eabi/lib/thumb/v7e-m+fp/hard\libc_nano.a(libc_a-stdio.o) (_close_r)
C:/ST/STM32CubeIDE_1.15.1/STM32CubeIDE/plugins/com.st.stm32cube.ide.mcu.externaltools.gnu-tools-for-stm32.12.3.rel1.win32_1.0.200.202406191623/tools/bin/../lib/gcc/arm-none-eabi/12.3.1/../../../../arm-none-eabi/lib/thumb/v7e-m+fp/hard\libc_nano.a(libc_a-reent.o)
                              C:/ST/STM32CubeIDE_1.15.1/STM32CubeIDE/plugins/com.st.stm32cube.ide.mcu.externaltools.gnu-tools-for-stm32.12.3.rel1.win32_1.0.200.202406191623/tools/bin/../lib/gcc/arm-none-eabi/12.3.1/../../../../arm-none-eabi/lib/thumb/v7e-m+fp/hard\libc_nano.a(libc_a-closer.o) (errno)
C:/ST/STM32CubeIDE_1.15.1/STM32CubeIDE/plugins/com.st.stm32cube.ide.mcu.externaltools.gnu-tools-for-stm32.12.3.rel1.win32_1.0.200.202406191623/tools/bin/../lib/gcc/arm-none-eabi/12.3.1/../../../../arm-none-eabi/lib/thumb/v7e-m+fp/hard\libc_nano.a(libc_a-impure.o)
                              C:/ST/STM32CubeIDE_1.15.1/STM32CubeIDE/plugins/com.st.stm32cube.ide.mcu.externaltools.gnu-tools-for-stm32.12.3.rel1.win32_1.0.200.202406191623/tools/bin/../lib/gcc/arm-none-eabi/12.3.1/../../../../arm-none-eabi/lib/thumb/v7e-m+fp/hard\libc_nano.a(libc_a-reent.o) (_impure_ptr)
C:/ST/STM32CubeIDE_1.15.1/STM32CubeIDE/plugins/com.st.stm32cube.ide.mcu.externaltools.gnu-tools-for-stm32.12.3.rel1.win32_1.0.200.202406191623/tools/bin/../lib/gcc/arm-none-eabi/12.3.1/../../../../arm-none-eabi/lib/thumb/v7e-m+fp/hard\libc_nano.a(libc_a-lseekr.o)
[...]
Memory Configuration

Name             Origin             Length             Attributes
CCMRAM           0x10000000         0x00001000         xrw
RAM              0x20000000         0x00003000         xrw
FLASH            0x08000000         0x00010000         xr
*default*        0x00000000         0xffffffff

Linker script and memory map

LOAD C:/ST/STM32CubeIDE_1.15.1/STM32CubeIDE/plugins/com.st.stm32cube.ide.mcu.externaltools.gnu-tools-for-stm32.12.3.rel1.win32_1.0.200.202406191623/tools/bin/../lib/gcc/arm-none-eabi/12.3.1/thumb/v7e-m+fp/hard/crti.o
LOAD C:/ST/STM32CubeIDE_1.15.1/STM32CubeIDE/plugins/com.st.stm32cube.ide.mcu.externaltools.gnu-tools-for-stm32.12.3.rel1.win32_1.0.200.202406191623/tools/bin/../lib/gcc/arm-none-eabi/12.3.1/thumb/v7e-m+fp/hard/crtbegin.o
LOAD C:/ST/STM32CubeIDE_1.15.1/STM32CubeIDE/plugins/com.st.stm32cube.ide.mcu.externaltools.gnu-tools-for-stm32.12.3.rel1.win32_1.0.200.202406191623/tools/bin/../lib/gcc/arm-none-eabi/12.3.1/../../../../arm-none-eabi/lib/thumb/v7e-m+fp/hard/crt0.o
LOAD ./Core/Src/WS2812B.o
LOAD ./Core/Src/main.o
LOAD ./Core/Src/stm32f3xx_hal_msp.o
LOAD ./Core/Src/stm32f3xx_it.o
LOAD ./Core/Src/syscalls.o
LOAD ./Core/Src/sysmem.o
LOAD ./Core/Src/system_stm32f3xx.o
LOAD ./Core/Startup/startup_stm32f303k8tx.o
LOAD ./Drivers/STM32F3xx_HAL_Driver/Src/stm32f3xx_hal.o
LOAD ./Drivers/STM32F3xx_HAL_Driver/Src/stm32f3xx_hal_cortex.o
LOAD ./Drivers/STM32F3xx_HAL_Driver/Src/stm32f3xx_hal_dma.o
LOAD ./Drivers/STM32F3xx_HAL_Driver/Src/stm32f3xx_hal_exti.o
LOAD ./Drivers/STM32F3xx_HAL_Driver/Src/stm32f3xx_hal_flash.o
LOAD ./Drivers/STM32F3xx_HAL_Driver/Src/stm32f3xx_hal_flash_ex.o
LOAD ./Drivers/STM32F3xx_HAL_Driver/Src/stm32f3xx_hal_gpio.o
LOAD ./Drivers/STM32F3xx_HAL_Driver/Src/stm32f3xx_hal_i2c.o
LOAD ./Drivers/STM32F3xx_HAL_Driver/Src/stm32f3xx_hal_i2c_ex.o
LOAD ./Drivers/STM32F3xx_HAL_Driver/Src/stm32f3xx_hal_pwr.o
LOAD ./Drivers/STM32F3xx_HAL_Driver/Src/stm32f3xx_hal_pwr_ex.o
LOAD ./Drivers/STM32F3xx_HAL_Driver/Src/stm32f3xx_hal_rcc.o
LOAD ./Drivers/STM32F3xx_HAL_Driver/Src/stm32f3xx_hal_rcc_ex.o
LOAD ./Drivers/STM32F3xx_HAL_Driver/Src/stm32f3xx_hal_spi.o
LOAD ./Drivers/STM32F3xx_HAL_Driver/Src/stm32f3xx_hal_spi_ex.o
LOAD ./Drivers/STM32F3xx_HAL_Driver/Src/stm32f3xx_hal_tim.o
LOAD ./Drivers/STM32F3xx_HAL_Driver/Src/stm32f3xx_hal_tim_ex.o
LOAD ./Drivers/STM32F3xx_HAL_Driver/Src/stm32f3xx_hal_uart.o
LOAD ./Drivers/STM32F3xx_HAL_Driver/Src/stm32f3xx_hal_uart_ex.o
START GROUP
LOAD C:/ST/STM32CubeIDE_1.15.1/STM32CubeIDE/plugins/com.st.stm32cube.ide.mcu.externaltools.gnu-tools-for-stm32.12.3.rel1.win32_1.0.200.202406191623/tools/bin/../lib/gcc/arm-none-eabi/12.3.1/../../../../arm-none-eabi/lib/thumb/v7e-m+fp/hard\libc_nano.a
LOAD C:/ST/STM32CubeIDE_1.15.1/STM32CubeIDE/plugins/com.st.stm32cube.ide.mcu.externaltools.gnu-tools-for-stm32.12.3.rel1.win32_1.0.200.202406191623/tools/bin/../lib/gcc/arm-none-eabi/12.3.1/../../../../arm-none-eabi/lib/thumb/v7e-m+fp/hard\libm.a
END GROUP
START GROUP
LOAD C:/ST/STM32CubeIDE_1.15.1/STM32CubeIDE/plugins/com.st.stm32cube.ide.mcu.externaltools.gnu-tools-for-stm32.12.3.rel1.win32_1.0.200.202406191623/tools/bin/../lib/gcc/arm-none-eabi/12.3.1/thumb/v7e-m+fp/hard\libgcc.a
LOAD C:/ST/STM32CubeIDE_1.15.1/STM32CubeIDE/plugins/com.st.stm32cube.ide.mcu.externaltools.gnu-tools-for-stm32.12.3.rel1.win32_1.0.200.202406191623/tools/bin/../lib/gcc/arm-none-eabi/12.3.1/../../../../arm-none-eabi/lib/thumb/v7e-m+fp/hard\libc_nano.a
END GROUP
START GROUP
LOAD C:/ST/STM32CubeIDE_1.15.1/STM32CubeIDE/plugins/com.st.stm32cube.ide.mcu.externaltools.gnu-tools-for-stm32.12.3.rel1.win32_1.0.200.202406191623/tools/bin/../lib/gcc/arm-none-eabi/12.3.1/thumb/v7e-m+fp/hard\libgcc.a
LOAD C:/ST/STM32CubeIDE_1.15.1/STM32CubeIDE/plugins/com.st.stm32cube.ide.mcu.externaltools.gnu-tools-for-stm32.12.3.rel1.win32_1.0.200.202406191623/tools/bin/../lib/gcc/arm-none-eabi/12.3.1/../../../../arm-none-eabi/lib/thumb/v7e-m+fp/hard\libc_nano.a
LOAD C:/ST/STM32CubeIDE_1.15.1/STM32CubeIDE/plugins/com.st.stm32cube.ide.mcu.externaltools.gnu-tools-for-stm32.12.3.rel1.win32_1.0.200.202406191623/tools/bin/../lib/gcc/arm-none-eabi/12.3.1/../../../../arm-none-eabi/lib/thumb/v7e-m+fp/hard\libnosys.a
END GROUP
START GROUP
LOAD C:/ST/STM32CubeIDE_1.15.1/STM32CubeIDE/plugins/com.st.stm32cube.ide.mcu.externaltools.gnu-tools-for-stm32.12.3.rel1.win32_1.0.200.202406191623/tools/bin/../lib/gcc/arm-none-eabi/12.3.1/thumb/v7e-m+fp/hard\libgcc.a
LOAD C:/ST/STM32CubeIDE_1.15.1/STM32CubeIDE/plugins/com.st.stm32cube.ide.mcu.externaltools.gnu-tools-for-stm32.12.3.rel1.win32_1.0.200.202406191623/tools/bin/../lib/gcc/arm-none-eabi/12.3.1/../../../../arm-none-eabi/lib/thumb/v7e-m+fp/hard\libc_nano.a
LOAD C:/ST/STM32CubeIDE_1.15.1/STM32CubeIDE/plugins/com.st.stm32cube.ide.mcu.externaltools.gnu-tools-for-stm32.12.3.rel1.win32_1.0.200.202406191623/tools/bin/../lib/gcc/arm-none-eabi/12.3.1/../../../../arm-none-eabi/lib/thumb/v7e-m+fp/hard\libnosys.a
END GROUP
LOAD C:/ST/STM32CubeIDE_1.15.1/STM32CubeIDE/plugins/com.st.stm32cube.ide.mcu.externaltools.gnu-tools-for-stm32.12.3.rel1.win32_1.0.200.202406191623/tools/bin/../lib/gcc/arm-none-eabi/12.3.1/thumb/v7e-m+fp/hard/crtend.o
LOAD C:/ST/STM32CubeIDE_1.15.1/STM32CubeIDE/plugins/com.st.stm32cube.ide.mcu.externaltools.gnu-tools-for-stm32.12.3.rel1.win32_1.0.200.202406191623/tools/bin/../lib/gcc/arm-none-eabi/12.3.1/thumb/v7e-m+fp/hard/crtn.o
                0x20003000                        _estack = (ORIGIN (RAM) + LENGTH (RAM))
                0x00000200                        _Min_Heap_Size = 0x200
                0x00000400                        _Min_Stack_Size = 0x400

.isr_vector     0x08000000      0x188
                0x08000000                        . = ALIGN (0x4)
 *(.isr_vector)
 .isr_vector    0x08000000      0x188 ./Core/Startup/startup_stm32f303k8tx.o
                0x08000000                g_pfnVectors
                0x08000188                        . = ALIGN (0x4)

.text           0x08000188     0x3e2c
                0x08000188                        . = ALIGN (0x4)
 *(.text)
 .text          0x08000188       0x40 C:/ST/STM32CubeIDE_1.15.1/STM32CubeIDE/plugins/com.st.stm32cube.ide.mcu.externaltools.gnu-tools-for-stm32.12.3.rel1.win32_1.0.200.202406191623/tools/bin/../lib/gcc/arm-none-eabi/12.3.1/thumb/v7e-m+fp/hard/crtbegin.o
 *(.text*)
 .text.wait_290us
                0x080001c8       0x44 ./Core/Src/WS2812B.o
                0x080001c8                wait_290us
 .text.WS2812B_red
                0x0800020c      0x190 ./Core/Src/WS2812B.o
                0x0800020c                WS2812B_red
 .text.WS2812B_orange
                0x0800039c      0x190 ./Core/Src/WS2812B.o
                0x0800039c                WS2812B_orange
 .text.WS2812B_yellow
                0x0800052c      0x190 ./Core/Src/WS2812B.o
                0x0800052c                WS2812B_yellow
 .text.WS2812B_green
                0x080006bc      0x190 ./Core/Src/WS2812B.o
                0x080006bc                WS2812B_green
 .text.WS2812B_light_blue
                0x0800084c      0x190 ./Core/Src/WS2812B.o
                0x0800084c                WS2812B_light_blue
 .text.WS2812B_blue
                0x080009dc      0x190 ./Core/Src/WS2812B.o
                0x080009dc                WS2812B_blue
 .text.WS2812B_purple
                0x08000b6c      0x190 ./Core/Src/WS2812B.o
                0x08000b6c                WS2812B_purple
 .text.WS2812B_white
                0x08000cfc      0x18c ./Core/Src/WS2812B.o
                0x08000cfc                WS2812B_white
 .text.main     0x08000e88       0x88 ./Core/Src/main.o
                0x08000e88                main
 .text.SystemClock_Config
                0x08000f10       0x80 ./Core/Src/main.o
                0x08000f10                SystemClock_Config
 .text.MX_SPI1_Init
                0x08000f90       0x7c ./Core/Src/main.o
 .text.MX_TIM7_Init
                0x0800100c       0x6c ./Core/Src/main.o
 .text.MX_USART2_UART_Init
                0x08001078       0x60 ./Core/Src/main.o
 .text.MX_GPIO_Init
                0x080010d8       0x48 ./Core/Src/main.o
 .text.Error_Handler
                0x08001120        0xc ./Core/Src/main.o
                0x08001120                Error_Handler
 .text.HAL_MspInit
                0x0800112c       0x48 ./Core/Src/stm32f3xx_hal_msp.o
                0x0800112c                HAL_MspInit
 .text.HAL_SPI_MspInit
                0x08001174       0x84 ./Core/Src/stm32f3xx_hal_msp.o
                0x08001174                HAL_SPI_MspInit
 .text.HAL_TIM_Base_MspInit
                0x080011f8       0x40 ./Core/Src/stm32f3xx_hal_msp.o
                0x080011f8                HAL_TIM_Base_MspInit
 .text.HAL_UART_MspInit
                0x08001238       0x88 ./Core/Src/stm32f3xx_hal_msp.o
                0x08001238                HAL_UART_MspInit
 .text.NMI_Handler
                0x080012c0        0x8 ./Core/Src/stm32f3xx_it.o
                0x080012c0                NMI_Handler
 .text.HardFault_Handler
                0x080012c8        0x8 ./Core/Src/stm32f3xx_it.o
                0x080012c8                HardFault_Handler
 .text.MemManage_Handler
                0x080012d0        0x8 ./Core/Src/stm32f3xx_it.o
                0x080012d0                MemManage_Handler
 .text.BusFault_Handler
                0x080012d8        0x8 ./Core/Src/stm32f3xx_it.o
                0x080012d8                BusFault_Handler
 .text.UsageFault_Handler
                0x080012e0        0x8 ./Core/Src/stm32f3xx_it.o
                0x080012e0                UsageFault_Handler
 .text.SVC_Handler
                0x080012e8        0xe ./Core/Src/stm32f3xx_it.o
                0x080012e8                SVC_Handler
 .text.DebugMon_Handler
                0x080012f6        0xe ./Core/Src/stm32f3xx_it.o
                0x080012f6                DebugMon_Handler
 .text.PendSV_Handler
                0x08001304        0xe ./Core/Src/stm32f3xx_it.o
                0x08001304                PendSV_Handler
 .text.SysTick_Handler
                0x08001312        0xc ./Core/Src/stm32f3xx_it.o
                0x08001312                SysTick_Handler
 *fill*         0x0800131e        0x2 
 .text.SystemInit
                0x08001320       0x24 ./Core/Src/system_stm32f3xx.o
                0x08001320                SystemInit
 .text.Reset_Handler
                0x08001344       0x50 ./Core/Startup/startup_stm32f303k8tx.o
                0x08001344                Reset_Handler
 .text.Default_Handler
                0x08001394        0x2 ./Core/Startup/startup_stm32f303k8tx.o
                0x08001394                RTC_Alarm_IRQHandler
                0x08001394                TIM1_CC_IRQHandler
                0x08001394                PVD_IRQHandler
                0x08001394                TAMP_STAMP_IRQHandler
                0x08001394                EXTI3_IRQHandler
                0x08001394                EXTI0_IRQHandler
                0x08001394                FPU_IRQHandler
                0x08001394                CAN_TX_IRQHandler
                0x08001394                TIM1_UP_TIM16_IRQHandler
                0x08001394                ADC1_2_IRQHandler
                0x08001394                SPI1_IRQHandler
                0x08001394                CAN_SCE_IRQHandler
                0x08001394                DMA1_Channel4_IRQHandler
                0x08001394                USART3_IRQHandler
                0x08001394                DMA1_Channel7_IRQHandler
                0x08001394                TIM7_DAC2_IRQHandler
                0x08001394                CAN_RX1_IRQHandler
                0x08001394                I2C1_EV_IRQHandler
                0x08001394                DMA1_Channel6_IRQHandler
                0x08001394                TIM3_IRQHandler
                0x08001394                RCC_IRQHandler
                0x08001394                DMA1_Channel1_IRQHandler
                0x08001394                Default_Handler
                0x08001394                EXTI15_10_IRQHandler
                0x08001394                COMP2_IRQHandler
                0x08001394                TIM6_DAC1_IRQHandler
                0x08001394                EXTI9_5_IRQHandler
                0x08001394                RTC_WKUP_IRQHandler
                0x08001394                DMA1_Channel5_IRQHandler
                0x08001394                EXTI4_IRQHandler
                0x08001394                TIM1_TRG_COM_TIM17_IRQHandler
                0x08001394                DMA1_Channel3_IRQHandler
                0x08001394                WWDG_IRQHandler
                0x08001394                TIM2_IRQHandler
                0x08001394                EXTI1_IRQHandler
                0x08001394                COMP4_6_IRQHandler
                0x08001394                USART2_IRQHandler
                0x08001394                DMA1_Channel2_IRQHandler
                0x08001394                FLASH_IRQHandler
                0x08001394                USART1_IRQHandler
                0x08001394                CAN_RX0_IRQHandler
                0x08001394                I2C1_ER_IRQHandler
                0x08001394                EXTI2_TSC_IRQHandler
                0x08001394                TIM1_BRK_TIM15_IRQHandler
 *fill*         0x08001396        0x2 
 .text.HAL_Init
                0x08001398       0x2c ./Drivers/STM32F3xx_HAL_Driver/Src/stm32f3xx_hal.o
                0x08001398                HAL_Init
 .text.HAL_InitTick
                0x080013c4       0x60 ./Drivers/STM32F3xx_HAL_Driver/Src/stm32f3xx_hal.o
                0x080013c4                HAL_InitTick
 .text.HAL_IncTick
                0x08001424       0x28 ./Drivers/STM32F3xx_HAL_Driver/Src/stm32f3xx_hal.o
                0x08001424                HAL_IncTick
 .text.HAL_GetTick
                0x0800144c       0x18 ./Drivers/STM32F3xx_HAL_Driver/Src/stm32f3xx_hal.o
                0x0800144c                HAL_GetTick
 .text.__NVIC_SetPriorityGrouping
                0x08001464       0x48 ./Drivers/STM32F3xx_HAL_Driver/Src/stm32f3xx_hal_cortex.o
 .text.__NVIC_GetPriorityGrouping
                0x080014ac       0x1c ./Drivers/STM32F3xx_HAL_Driver/Src/stm32f3xx_hal_cortex.o
 .text.__NVIC_SetPriority
                0x080014c8       0x54 ./Drivers/STM32F3xx_HAL_Driver/Src/stm32f3xx_hal_cortex.o
 .text.NVIC_EncodePriority
                0x0800151c       0x66 ./Drivers/STM32F3xx_HAL_Driver/Src/stm32f3xx_hal_cortex.o
 *fill*         0x08001582        0x2 
 .text.SysTick_Config
                0x08001584       0x44 ./Drivers/STM32F3xx_HAL_Driver/Src/stm32f3xx_hal_cortex.o
 .text.HAL_NVIC_SetPriorityGrouping
                0x080015c8       0x16 ./Drivers/STM32F3xx_HAL_Driver/Src/stm32f3xx_hal_cortex.o
                0x080015c8                HAL_NVIC_SetPriorityGrouping
 .text.HAL_NVIC_SetPriority
                0x080015de       0x38 ./Drivers/STM32F3xx_HAL_Driver/Src/stm32f3xx_hal_cortex.o
                0x080015de                HAL_NVIC_SetPriority
 .text.HAL_SYSTICK_Config
                0x08001616       0x18 ./Drivers/STM32F3xx_HAL_Driver/Src/stm32f3xx_hal_cortex.o
                0x08001616                HAL_SYSTICK_Config
 *fill*         0x0800162e        0x2 
 .text.HAL_GPIO_Init
                0x08001630      0x2e4 ./Drivers/STM32F3xx_HAL_Driver/Src/stm32f3xx_hal_gpio.o
                0x08001630                HAL_GPIO_Init
 .text.HAL_RCC_OscConfig
                0x08001914     0x107c ./Drivers/STM32F3xx_HAL_Driver/Src/stm32f3xx_hal_rcc.o
                0x08001914                HAL_RCC_OscConfig
 .text.HAL_RCC_ClockConfig
                0x08002990      0x2f8 ./Drivers/STM32F3xx_HAL_Driver/Src/stm32f3xx_hal_rcc.o
                0x08002990                HAL_RCC_ClockConfig
 .text.HAL_RCC_GetSysClockFreq
                0x08002c88       0xa8 ./Drivers/STM32F3xx_HAL_Driver/Src/stm32f3xx_hal_rcc.o
                0x08002c88                HAL_RCC_GetSysClockFreq
 .text.HAL_RCC_GetHCLKFreq
                0x08002d30       0x18 ./Drivers/STM32F3xx_HAL_Driver/Src/stm32f3xx_hal_rcc.o
                0x08002d30                HAL_RCC_GetHCLKFreq
 .text.HAL_RCC_GetPCLK1Freq
                0x08002d48       0x44 ./Drivers/STM32F3xx_HAL_Driver/Src/stm32f3xx_hal_rcc.o
                0x08002d48                HAL_RCC_GetPCLK1Freq
 .text.HAL_RCC_GetPCLK2Freq
                0x08002d8c       0x44 ./Drivers/STM32F3xx_HAL_Driver/Src/stm32f3xx_hal_rcc.o
                0x08002d8c                HAL_RCC_GetPCLK2Freq
 .text.HAL_SPI_Init
                0x08002dd0      0x146 ./Drivers/STM32F3xx_HAL_Driver/Src/stm32f3xx_hal_spi.o
                0x08002dd0                HAL_SPI_Init
 .text.HAL_SPI_Transmit
                0x08002f16      0x2ea ./Drivers/STM32F3xx_HAL_Driver/Src/stm32f3xx_hal_spi.o
                0x08002f16                HAL_SPI_Transmit
 .text.SPI_WaitFlagStateUntilTimeout
                0x08003200      0x110 ./Drivers/STM32F3xx_HAL_Driver/Src/stm32f3xx_hal_spi.o
 .text.SPI_WaitFifoStateUntilTimeout
                0x08003310      0x12c ./Drivers/STM32F3xx_HAL_Driver/Src/stm32f3xx_hal_spi.o
 .text.SPI_EndRxTxTransaction
                0x0800343c       0x8c ./Drivers/STM32F3xx_HAL_Driver/Src/stm32f3xx_hal_spi.o
 .text.HAL_TIM_Base_Init
                0x080034c8       0xae ./Drivers/STM32F3xx_HAL_Driver/Src/stm32f3xx_hal_tim.o
                0x080034c8                HAL_TIM_Base_Init
 *fill*         0x08003576        0x2 
 .text.HAL_TIM_Base_Start
                0x08003578       0xa8 ./Drivers/STM32F3xx_HAL_Driver/Src/stm32f3xx_hal_tim.o
                0x08003578                HAL_TIM_Base_Start
 .text.TIM_Base_SetConfig
                0x08003620      0x108 ./Drivers/STM32F3xx_HAL_Driver/Src/stm32f3xx_hal_tim.o
                0x08003620                TIM_Base_SetConfig
 .text.HAL_TIMEx_MasterConfigSynchronization
                0x08003728       0xdc ./Drivers/STM32F3xx_HAL_Driver/Src/stm32f3xx_hal_tim_ex.o
                0x08003728                HAL_TIMEx_MasterConfigSynchronization
 .text.HAL_UART_Init
                0x08003804       0x9c ./Drivers/STM32F3xx_HAL_Driver/Src/stm32f3xx_hal_uart.o
                0x08003804                HAL_UART_Init
 .text.UART_SetConfig
                0x080038a0      0x26c ./Drivers/STM32F3xx_HAL_Driver/Src/stm32f3xx_hal_uart.o
                0x080038a0                UART_SetConfig
 .text.UART_AdvFeatureConfig
                0x08003b0c      0x144 ./Drivers/STM32F3xx_HAL_Driver/Src/stm32f3xx_hal_uart.o
                0x08003b0c                UART_AdvFeatureConfig
 .text.UART_CheckIdleState
                0x08003c50      0x150 ./Drivers/STM32F3xx_HAL_Driver/Src/stm32f3xx_hal_uart.o
                0x08003c50                UART_CheckIdleState
 .text.UART_WaitOnFlagUntilTimeout
                0x08003da0       0xda ./Drivers/STM32F3xx_HAL_Driver/Src/stm32f3xx_hal_uart.o
                0x08003da0                UART_WaitOnFlagUntilTimeout
 .text.UART_EndRxTransfer
                0x08003e7a       0xc8 ./Drivers/STM32F3xx_HAL_Driver/Src/stm32f3xx_hal_uart.o
 .text.memset   0x08003f42       0x10 C:/ST/STM32CubeIDE_1.15.1/STM32CubeIDE/plugins/com.st.stm32cube.ide.mcu.externaltools.gnu-tools-for-stm32.12.3.rel1.win32_1.0.200.202406191623/tools/bin/../lib/gcc/arm-none-eabi/12.3.1/../../../../arm-none-eabi/lib/thumb/v7e-m+fp/hard\libc_nano.a(libc_a-memset.o)
                0x08003f42                memset
 *fill*         0x08003f52        0x2 
 .text.__libc_init_array
                0x08003f54       0x48 C:/ST/STM32CubeIDE_1.15.1/STM32CubeIDE/plugins/com.st.stm32cube.ide.mcu.externaltools.gnu-tools-for-stm32.12.3.rel1.win32_1.0.200.202406191623/tools/bin/../lib/gcc/arm-none-eabi/12.3.1/../../../../arm-none-eabi/lib/thumb/v7e-m+fp/hard\libc_nano.a(libc_a-init.o)
                0x08003f54                __libc_init_array
 *(.glue_7)
 .glue_7        0x08003f9c        0x0 linker stubs
 *(.glue_7t)
 .glue_7t       0x08003f9c        0x0 linker stubs
 *(.eh_frame)
 .eh_frame      0x08003f9c        0x0 C:/ST/STM32CubeIDE_1.15.1/STM32CubeIDE/plugins/com.st.stm32cube.ide.mcu.externaltools.gnu-tools-for-stm32.12.3.rel1.win32_1.0.200.202406191623/tools/bin/../lib/gcc/arm-none-eabi/12.3.1/thumb/v7e-m+fp/hard/crtbegin.o
 *(.init)
 .init          0x08003f9c        0x4 C:/ST/STM32CubeIDE_1.15.1/STM32CubeIDE/plugins/com.st.stm32cube.ide.mcu.externaltools.gnu-tools-for-stm32.12.3.rel1.win32_1.0.200.202406191623/tools/bin/../lib/gcc/arm-none-eabi/12.3.1/thumb/v7e-m+fp/hard/crti.o
                0x08003f9c                _init
 .init          0x08003fa0        0x8 C:/ST/STM32CubeIDE_1.15.1/STM32CubeIDE/plugins/com.st.stm32cube.ide.mcu.externaltools.gnu-tools-for-stm32.12.3.rel1.win32_1.0.200.202406191623/tools/bin/../lib/gcc/arm-none-eabi/12.3.1/thumb/v7e-m+fp/hard/crtn.o
 *(.fini)
 .fini          0x08003fa8        0x4 C:/ST/STM32CubeIDE_1.15.1/STM32CubeIDE/plugins/com.st.stm32cube.ide.mcu.externaltools.gnu-tools-for-stm32.12.3.rel1.win32_1.0.200.202406191623/tools/bin/../lib/gcc/arm-none-eabi/12.3.1/thumb/v7e-m+fp/hard/crti.o
                0x08003fa8                _fini
 .fini          0x08003fac        0x8 C:/ST/STM32CubeIDE_1.15.1/STM32CubeIDE/plugins/com.st.stm32cube.ide.mcu.externaltools.gnu-tools-for-stm32.12.3.rel1.win32_1.0.200.202406191623/tools/bin/../lib/gcc/arm-none-eabi/12.3.1/thumb/v7e-m+fp/hard/crtn.o
                0x08003fb4                        . = ALIGN (0x4)
                0x08003fb4                        _etext = .

.vfp11_veneer   0x08003fb4        0x0
 .vfp11_veneer  0x08003fb4        0x0 linker stubs

.v4_bx          0x08003fb4        0x0
 .v4_bx         0x08003fb4        0x0 linker stubs

.iplt           0x08003fb4        0x0
 .iplt          0x08003fb4        0x0 C:/ST/STM32CubeIDE_1.15.1/STM32CubeIDE/plugins/com.st.stm32cube.ide.mcu.externaltools.gnu-tools-for-stm32.12.3.rel1.win32_1.0.200.202406191623/tools/bin/../lib/gcc/arm-none-eabi/12.3.1/thumb/v7e-m+fp/hard/crtbegin.o

.rodata         0x08003fb4       0x38
                0x08003fb4                        . = ALIGN (0x4)
 *(.rodata)
 *(.rodata*)
 .rodata.AHBPrescTable
                0x08003fb4       0x10 ./Core/Src/system_stm32f3xx.o
                0x08003fb4                AHBPrescTable
 .rodata.APBPrescTable
                0x08003fc4        0x8 ./Core/Src/system_stm32f3xx.o
                0x08003fc4                APBPrescTable
 .rodata.aPLLMULFactorTable
                0x08003fcc       0x10 ./Drivers/STM32F3xx_HAL_Driver/Src/stm32f3xx_hal_rcc.o
 .rodata.aPredivFactorTable
                0x08003fdc       0x10 ./Drivers/STM32F3xx_HAL_Driver/Src/stm32f3xx_hal_rcc.o
                0x08003fec                        . = ALIGN (0x4)

.ARM.extab      0x08003fec        0x0
                0x08003fec                        . = ALIGN (0x4)
 *(.ARM.extab* .gnu.linkonce.armextab.*)
                0x08003fec                        . = ALIGN (0x4)

.ARM            0x08003fec        0x0
                0x08003fec                        . = ALIGN (0x4)
                0x08003fec                        __exidx_start = .
 *(.ARM.exidx*)
                0x08003fec                        __exidx_end = .
                0x08003fec                        . = ALIGN (0x4)

.preinit_array  0x08003fec        0x0
                0x08003fec                        . = ALIGN (0x4)
                0x08003fec                        PROVIDE (__preinit_array_start = .)
 *(.preinit_array*)
                0x08003fec                        PROVIDE (__preinit_array_end = .)
                0x08003fec                        . = ALIGN (0x4)

.init_array     0x08003fec        0x4
                0x08003fec                        . = ALIGN (0x4)
                0x08003fec                        PROVIDE (__init_array_start = .)
 *(SORT_BY_NAME(.init_array.*))
 *(.init_array*)
 .init_array    0x08003fec        0x4 C:/ST/STM32CubeIDE_1.15.1/STM32CubeIDE/plugins/com.st.stm32cube.ide.mcu.externaltools.gnu-tools-for-stm32.12.3.rel1.win32_1.0.200.202406191623/tools/bin/../lib/gcc/arm-none-eabi/12.3.1/thumb/v7e-m+fp/hard/crtbegin.o
                0x08003ff0                        PROVIDE (__init_array_end = .)
                0x08003ff0                        . = ALIGN (0x4)

.fini_array     0x08003ff0        0x4
                0x08003ff0                        . = ALIGN (0x4)
                [!provide]                        PROVIDE (__fini_array_start = .)
 *(SORT_BY_NAME(.fini_array.*))
 *(.fini_array*)
 .fini_array    0x08003ff0        0x4 C:/ST/STM32CubeIDE_1.15.1/STM32CubeIDE/plugins/com.st.stm32cube.ide.mcu.externaltools.gnu-tools-for-stm32.12.3.rel1.win32_1.0.200.202406191623/tools/bin/../lib/gcc/arm-none-eabi/12.3.1/thumb/v7e-m+fp/hard/crtbegin.o
                [!provide]                        PROVIDE (__fini_array_end = .)
                0x08003ff4                        . = ALIGN (0x4)
                0x08003ff4                        _sidata = LOADADDR (.data)

.rel.dyn        0x08003ff4        0x0
 .rel.iplt      0x08003ff4        0x0 C:/ST/STM32CubeIDE_1.15.1/STM32CubeIDE/plugins/com.st.stm32cube.ide.mcu.externaltools.gnu-tools-for-stm32.12.3.rel1.win32_1.0.200.202406191623/tools/bin/../lib/gcc/arm-none-eabi/12.3.1/thumb/v7e-m+fp/hard/crtbegin.o

.data           0x20000000        0xc load address 0x08003ff4
                0x20000000                        . = ALIGN (0x4)
                0x20000000                        _sdata = .
 *(.data)
 *(.data*)
 .data.SystemCoreClock
                0x20000000        0x4 ./Core/Src/system_stm32f3xx.o
                0x20000000                SystemCoreClock
 .data.uwTickPrio
                0x20000004        0x4 ./Drivers/STM32F3xx_HAL_Driver/Src/stm32f3xx_hal.o
                0x20000004                uwTickPrio
 .data.uwTickFreq
                0x20000008        0x1 ./Drivers/STM32F3xx_HAL_Driver/Src/stm32f3xx_hal.o
                0x20000008                uwTickFreq
 *(.RamFunc)
 *(.RamFunc*)
                0x2000000c                        . = ALIGN (0x4)
 *fill*         0x20000009        0x3 
                0x2000000c                        _edata = .
                0x08004000                        _siccmram = LOADADDR (.ccmram)

.igot.plt       0x2000000c        0x0 load address 0x08004000
 .igot.plt      0x2000000c        0x0 C:/ST/STM32CubeIDE_1.15.1/STM32CubeIDE/plugins/com.st.stm32cube.ide.mcu.externaltools.gnu-tools-for-stm32.12.3.rel1.win32_1.0.200.202406191623/tools/bin/../lib/gcc/arm-none-eabi/12.3.1/thumb/v7e-m+fp/hard/crtbegin.o

.ccmram         0x10000000        0x0 load address 0x08004000
                0x10000000                        . = ALIGN (0x4)
                0x10000000                        _sccmram = .
 *(.ccmram)
 *(.ccmram*)
                0x10000000                        . = ALIGN (0x4)
                0x10000000                        _eccmram = .
                0x10000000                        . = ALIGN (0x4)

.bss            0x2000000c      0x15c
                0x2000000c                        _sbss = .
                0x2000000c                        __bss_start__ = _sbss
 *(.bss)
 .bss           0x2000000c       0x1c C:/ST/STM32CubeIDE_1.15.1/STM32CubeIDE/plugins/com.st.stm32cube.ide.mcu.externaltools.gnu-tools-for-stm32.12.3.rel1.win32_1.0.200.202406191623/tools/bin/../lib/gcc/arm-none-eabi/12.3.1/thumb/v7e-m+fp/hard/crtbegin.o
 *(.bss*)
 .bss.executed.0
                0x20000028        0x4 ./Core/Src/WS2812B.o
 .bss.hspi1     0x2000002c       0x64 ./Core/Src/main.o
                0x2000002c                hspi1
 .bss.htim7     0x20000090       0x4c ./Core/Src/main.o
                0x20000090                htim7
 .bss.huart2    0x200000dc       0x88 ./Core/Src/main.o
                0x200000dc                huart2
 .bss.uwTick    0x20000164        0x4 ./Drivers/STM32F3xx_HAL_Driver/Src/stm32f3xx_hal.o
                0x20000164                uwTick
 *(COMMON)
                0x20000168                        . = ALIGN (0x4)
                0x20000168                        _ebss = .
                0x20000168                        __bss_end__ = _ebss

._user_heap_stack
                0x20000168      0x600
                0x20000168                        . = ALIGN (0x8)
                [!provide]                        PROVIDE (end = .)
                0x20000168                        PROVIDE (_end = .)
                0x20000368                        . = (. + _Min_Heap_Size)
 *fill*         0x20000168      0x200 
                0x20000768                        . = (. + _Min_Stack_Size)
 *fill*         0x20000368      0x400 
                0x20000768                        . = ALIGN (0x8)

/DISCARD/
 libc.a(*)
 libm.a(*)
 libgcc.a(*)

.ARM.attributes
                0x00000000       0x30
 *(.ARM.attributes)
 .ARM.attributes
                0x00000000       0x22 C:/ST/STM32CubeIDE_1.15.1/STM32CubeIDE/plugins/com.st.stm32cube.ide.mcu.externaltools.gnu-tools-for-stm32.12.3.rel1.win32_1.0.200.202406191623/tools/bin/../lib/gcc/arm-none-eabi/12.3.1/thumb/v7e-m+fp/hard/crti.o
 .ARM.attributes
                0x00000022       0x34 C:/ST/STM32CubeIDE_1.15.1/STM32CubeIDE/plugins/com.st.stm32cube.ide.mcu.externaltools.gnu-tools-for-stm32.12.3.rel1.win32_1.0.200.202406191623/tools/bin/../lib/gcc/arm-none-eabi/12.3.1/thumb/v7e-m+fp/hard/crtbegin.o
 .ARM.attributes
                0x00000056       0x34 ./Core/Src/WS2812B.o
 .ARM.attributes
                0x0000008a       0x34 ./Core/Src/main.o
 .ARM.attributes
                0x000000be       0x34 ./Core/Src/stm32f3xx_hal_msp.o
 .ARM.attributes
                0x000000f2       0x34 ./Core/Src/stm32f3xx_it.o
 .ARM.attributes
                0x00000126       0x34 ./Core/Src/system_stm32f3xx.o
 .ARM.attributes
                0x0000015a       0x21 ./Core/Startup/startup_stm32f303k8tx.o
 .ARM.attributes
                0x0000017b       0x34 ./Drivers/STM32F3xx_HAL_Driver/Src/stm32f3xx_hal.o
 .ARM.attributes
                0x000001af       0x34 ./Drivers/STM32F3xx_HAL_Driver/Src/stm32f3xx_hal_cortex.o
 .ARM.attributes
                0x000001e3       0x34 ./Drivers/STM32F3xx_HAL_Driver/Src/stm32f3xx_hal_gpio.o
 .ARM.attributes
                0x00000217       0x34 ./Drivers/STM32F3xx_HAL_Driver/Src/stm32f3xx_hal_rcc.o
 .ARM.attributes
                0x0000024b       0x34 ./Drivers/STM32F3xx_HAL_Driver/Src/stm32f3xx_hal_spi.o
 .ARM.attributes
                0x0000027f       0x34 ./Drivers/STM32F3xx_HAL_Driver/Src/stm32f3xx_hal_tim.o
 .ARM.attributes
                0x000002b3       0x34 ./Drivers/STM32F3xx_HAL_Driver/Src/stm32f3xx_hal_tim_ex.o
 .ARM.attributes
                0x000002e7       0x34 ./Drivers/STM32F3xx_HAL_Driver/Src/stm32f3xx_hal_uart.o
 .ARM.attributes
                0x0000031b       0x34 C:/ST/STM32CubeIDE_1.15.1/STM32CubeIDE/plugins/com.st.stm32cube.ide.mcu.externaltools.gnu-tools-for-stm32.12.3.rel1.win32_1.0.200.202406191623/tools/bin/../lib/gcc/arm-none-eabi/12.3.1/../../../../arm-none-eabi/lib/thumb/v7e-m+fp/hard\libc_nano.a(libc_a-memset.o)
 .ARM.attributes
                0x0000034f       0x34 C:/ST/STM32CubeIDE_1.15.1/STM32CubeIDE/plugins/com.st.stm32cube.ide.mcu.externaltools.gnu-tools-for-stm32.12.3.rel1.win32_1.0.200.202406191623/tools/bin/../lib/gcc/arm-none-eabi/12.3.1/../../../../arm-none-eabi/lib/thumb/v7e-m+fp/hard\libc_nano.a(libc_a-init.o)
 .ARM.attributes
                0x00000383       0x22 C:/ST/STM32CubeIDE_1.15.1/STM32CubeIDE/plugins/com.st.stm32cube.ide.mcu.externaltools.gnu-tools-for-stm32.12.3.rel1.win32_1.0.200.202406191623/tools/bin/../lib/gcc/arm-none-eabi/12.3.1/thumb/v7e-m+fp/hard/crtn.o
OUTPUT(F303K8_WS2812B.elf elf32-littlearm)
LOAD linker stubs
LOAD C:/ST/STM32CubeIDE_1.15.1/STM32CubeIDE/plugins/com.st.stm32cube.ide.mcu.externaltools.gnu-tools-for-stm32.12.3.rel1.win32_1.0.200.202406191623/tools/bin/../lib/gcc/arm-none-eabi/12.3.1/../../../../arm-none-eabi/lib/thumb/v7e-m+fp/hard\libc.a
LOAD C:/ST/STM32CubeIDE_1.15.1/STM32CubeIDE/plugins/com.st.stm32cube.ide.mcu.externaltools.gnu-tools-for-stm32.12.3.rel1.win32_1.0.200.202406191623/tools/bin/../lib/gcc/arm-none-eabi/12.3.1/../../../../arm-none-eabi/lib/thumb/v7e-m+fp/hard\libm.a
LOAD C:/ST/STM32CubeIDE_1.15.1/STM32CubeIDE/plugins/com.st.stm32cube.ide.mcu.externaltools.gnu-tools-for-stm32.12.3.rel1.win32_1.0.200.202406191623/tools/bin/../lib/gcc/arm-none-eabi/12.3.1/thumb/v7e-m+fp/hard\libgcc.a

.debug_info     0x00000000     0xf3d6
 .debug_info    0x00000000     0x109d ./Core/Src/WS2812B.o
 .debug_info    0x0000109d     0x1187 ./Core/Src/main.o
 .debug_info    0x00002224      0xfd8 ./Core/Src/stm32f3xx_hal_msp.o
 .debug_info    0x000031fc      0x113 ./Core/Src/stm32f3xx_it.o
 .debug_info    0x0000330f      0x407 ./Core/Src/system_stm32f3xx.o
 .debug_info    0x00003716       0x30 ./Core/Startup/startup_stm32f303k8tx.o
 .debug_info    0x00003746      0x74a ./Drivers/STM32F3xx_HAL_Driver/Src/stm32f3xx_hal.o
 .debug_info    0x00003e90      0xa87 ./Drivers/STM32F3xx_HAL_Driver/Src/stm32f3xx_hal_cortex.o
 .debug_info    0x00004917      0x6a6 ./Drivers/STM32F3xx_HAL_Driver/Src/stm32f3xx_hal_gpio.o
 .debug_info    0x00004fbd     0x148a ./Drivers/STM32F3xx_HAL_Driver/Src/stm32f3xx_hal_rcc.o
 .debug_info    0x00006447     0x160a ./Drivers/STM32F3xx_HAL_Driver/Src/stm32f3xx_hal_spi.o
 .debug_info    0x00007a51     0x2a70 ./Drivers/STM32F3xx_HAL_Driver/Src/stm32f3xx_hal_tim.o
 .debug_info    0x0000a4c1     0x156d ./Drivers/STM32F3xx_HAL_Driver/Src/stm32f3xx_hal_tim_ex.o
 .debug_info    0x0000ba2e     0x39a8 ./Drivers/STM32F3xx_HAL_Driver/Src/stm32f3xx_hal_uart.o

.debug_abbrev   0x00000000     0x1be9
 .debug_abbrev  0x00000000      0x1c9 ./Core/Src/WS2812B.o
 .debug_abbrev  0x000001c9      0x287 ./Core/Src/main.o
 .debug_abbrev  0x00000450      0x1dc ./Core/Src/stm32f3xx_hal_msp.o
 .debug_abbrev  0x0000062c       0x73 ./Core/Src/stm32f3xx_it.o
 .debug_abbrev  0x0000069f      0x11a ./Core/Src/system_stm32f3xx.o
 .debug_abbrev  0x000007b9       0x24 ./Core/Startup/startup_stm32f303k8tx.o
 .debug_abbrev  0x000007dd      0x215 ./Drivers/STM32F3xx_HAL_Driver/Src/stm32f3xx_hal.o
 .debug_abbrev  0x000009f2      0x2f8 ./Drivers/STM32F3xx_HAL_Driver/Src/stm32f3xx_hal_cortex.o
 .debug_abbrev  0x00000cea      0x1ca ./Drivers/STM32F3xx_HAL_Driver/Src/stm32f3xx_hal_gpio.o
 .debug_abbrev  0x00000eb4      0x300 ./Drivers/STM32F3xx_HAL_Driver/Src/stm32f3xx_hal_rcc.o
 .debug_abbrev  0x000011b4      0x269 ./Drivers/STM32F3xx_HAL_Driver/Src/stm32f3xx_hal_spi.o
 .debug_abbrev  0x0000141d      0x278 ./Drivers/STM32F3xx_HAL_Driver/Src/stm32f3xx_hal_tim.o
 .debug_abbrev  0x00001695      0x283 ./Drivers/STM32F3xx_HAL_Driver/Src/stm32f3xx_hal_tim_ex.o
 .debug_abbrev  0x00001918      0x2d1 ./Drivers/STM32F3xx_HAL_Driver/Src/stm32f3xx_hal_uart.o

.debug_aranges  0x00000000      0xdc8
 .debug_aranges
                0x00000000       0x60 ./Core/Src/WS2812B.o
 .debug_aranges
                0x00000060       0x50 ./Core/Src/main.o
 .debug_aranges
                0x000000b0       0x50 ./Core/Src/stm32f3xx_hal_msp.o
 .debug_aranges
                0x00000100       0x60 ./Core/Src/stm32f3xx_it.o
 .debug_aranges
                0x00000160       0x28 ./Core/Src/system_stm32f3xx.o
 .debug_aranges
                0x00000188       0x28 ./Core/Startup/startup_stm32f303k8tx.o
 .debug_aranges
                0x000001b0       0xe0 ./Drivers/STM32F3xx_HAL_Driver/Src/stm32f3xx_hal.o
 .debug_aranges
                0x00000290      0x100 ./Drivers/STM32F3xx_HAL_Driver/Src/stm32f3xx_hal_cortex.o
 .debug_aranges
                0x00000390       0x58 ./Drivers/STM32F3xx_HAL_Driver/Src/stm32f3xx_hal_gpio.o
 .debug_aranges
                0x000003e8       0x88 ./Drivers/STM32F3xx_HAL_Driver/Src/stm32f3xx_hal_rcc.o
 .debug_aranges
                0x00000470      0x1d8 ./Drivers/STM32F3xx_HAL_Driver/Src/stm32f3xx_hal_spi.o
 .debug_aranges
                0x00000648      0x3e0 ./Drivers/STM32F3xx_HAL_Driver/Src/stm32f3xx_hal_tim.o
 .debug_aranges
                0x00000a28      0x178 ./Drivers/STM32F3xx_HAL_Driver/Src/stm32f3xx_hal_tim_ex.o
 .debug_aranges
                0x00000ba0      0x228 ./Drivers/STM32F3xx_HAL_Driver/Src/stm32f3xx_hal_uart.o

.debug_rnglists
                0x00000000      0xae1
 .debug_rnglists
                0x00000000       0x4b ./Core/Src/WS2812B.o
 .debug_rnglists
                0x0000004b       0x39 ./Core/Src/main.o
 .debug_rnglists
                0x00000084       0x39 ./Core/Src/stm32f3xx_hal_msp.o
 .debug_rnglists
                0x000000bd       0x43 ./Core/Src/stm32f3xx_it.o
 .debug_rnglists
                0x00000100       0x1a ./Core/Src/system_stm32f3xx.o
 .debug_rnglists
                0x0000011a       0x19 ./Core/Startup/startup_stm32f303k8tx.o
 .debug_rnglists
                0x00000133       0xa3 ./Drivers/STM32F3xx_HAL_Driver/Src/stm32f3xx_hal.o
 .debug_rnglists
                0x000001d6       0xbb ./Drivers/STM32F3xx_HAL_Driver/Src/stm32f3xx_hal_cortex.o
 .debug_rnglists
                0x00000291       0x3f ./Drivers/STM32F3xx_HAL_Driver/Src/stm32f3xx_hal_gpio.o
 .debug_rnglists
                0x000002d0       0x66 ./Drivers/STM32F3xx_HAL_Driver/Src/stm32f3xx_hal_rcc.o
 .debug_rnglists
                0x00000336      0x178 ./Drivers/STM32F3xx_HAL_Driver/Src/stm32f3xx_hal_spi.o
 .debug_rnglists
                0x000004ae      0x328 ./Drivers/STM32F3xx_HAL_Driver/Src/stm32f3xx_hal_tim.o
 .debug_rnglists
                0x000007d6      0x131 ./Drivers/STM32F3xx_HAL_Driver/Src/stm32f3xx_hal_tim_ex.o
 .debug_rnglists
                0x00000907      0x1da ./Drivers/STM32F3xx_HAL_Driver/Src/stm32f3xx_hal_uart.o

.debug_macro    0x00000000    0x1adc5
 .debug_macro   0x00000000      0x1e4 ./Core/Src/WS2812B.o
 .debug_macro   0x000001e4      0xab4 ./Core/Src/WS2812B.o
 .debug_macro   0x00000c98       0x22 ./Core/Src/WS2812B.o
 .debug_macro   0x00000cba       0x8e ./Core/Src/WS2812B.o
 .debug_macro   0x00000d48       0x51 ./Core/Src/WS2812B.o
 .debug_macro   0x00000d99      0x103 ./Core/Src/WS2812B.o
 .debug_macro   0x00000e9c       0x6a ./Core/Src/WS2812B.o
 .debug_macro   0x00000f06      0x1df ./Core/Src/WS2812B.o
 .debug_macro   0x000010e5      0x15d ./Core/Src/WS2812B.o
 .debug_macro   0x00001242       0x2e ./Core/Src/WS2812B.o
 .debug_macro   0x00001270       0x28 ./Core/Src/WS2812B.o
 .debug_macro   0x00001298       0x1c ./Core/Src/WS2812B.o
 .debug_macro   0x000012b4       0x22 ./Core/Src/WS2812B.o
 .debug_macro   0x000012d6       0xd9 ./Core/Src/WS2812B.o
 .debug_macro   0x000013af      0xf07 ./Core/Src/WS2812B.o
 .debug_macro   0x000022b6    0x10be0 ./Core/Src/WS2812B.o
 .debug_macro   0x00012e96       0x6d ./Core/Src/WS2812B.o
 .debug_macro   0x00012f03     0x3574 ./Core/Src/WS2812B.o
 .debug_macro   0x00016477      0x189 ./Core/Src/WS2812B.o
 .debug_macro   0x00016600       0x55 ./Core/Src/WS2812B.o
 .debug_macro   0x00016655      0x8f8 ./Core/Src/WS2812B.o
 .debug_macro   0x00016f4d      0x304 ./Core/Src/WS2812B.o
 .debug_macro   0x00017251      0x1b5 ./Core/Src/WS2812B.o
 .debug_macro   0x00017406      0x11b ./Core/Src/WS2812B.o
 .debug_macro   0x00017521      0x1d5 ./Core/Src/WS2812B.o
 .debug_macro   0x000176f6      0x1bc ./Core/Src/WS2812B.o
 .debug_macro   0x000178b2       0x34 ./Core/Src/WS2812B.o
 .debug_macro   0x000178e6       0x3c ./Core/Src/WS2812B.o
 .debug_macro   0x00017922       0x57 ./Core/Src/WS2812B.o
 .debug_macro   0x00017979       0xc5 ./Core/Src/WS2812B.o
 .debug_macro   0x00017a3e      0x19f ./Core/Src/WS2812B.o
 .debug_macro   0x00017bdd      0x22c ./Core/Src/WS2812B.o
 .debug_macro   0x00017e09       0x5b ./Core/Src/WS2812B.o
 .debug_macro   0x00017e64       0xa5 ./Core/Src/WS2812B.o
 .debug_macro   0x00017f09       0x81 ./Core/Src/WS2812B.o
 .debug_macro   0x00017f8a       0xd3 ./Core/Src/WS2812B.o
 .debug_macro   0x0001805d      0x2fe ./Core/Src/WS2812B.o
 .debug_macro   0x0001835b      0xa60 ./Core/Src/WS2812B.o
 .debug_macro   0x00018dbb       0x59 ./Core/Src/WS2812B.o
 .debug_macro   0x00018e14      0x5ba ./Core/Src/WS2812B.o
 .debug_macro   0x000193ce       0x44 ./Core/Src/WS2812B.o
 .debug_macro   0x00019412      0x285 ./Core/Src/WS2812B.o
 .debug_macro   0x00019697      0x1f3 ./Core/Src/main.o
 .debug_macro   0x0001988a       0x40 ./Core/Src/main.o
 .debug_macro   0x000198ca      0x1e9 ./Core/Src/stm32f3xx_hal_msp.o
 .debug_macro   0x00019ab3      0x1f3 ./Core/Src/stm32f3xx_it.o
 .debug_macro   0x00019ca6      0x1da ./Core/Src/system_stm32f3xx.o
 .debug_macro   0x00019e80      0x1fe ./Drivers/STM32F3xx_HAL_Driver/Src/stm32f3xx_hal.o
 .debug_macro   0x0001a07e      0x1da ./Drivers/STM32F3xx_HAL_Driver/Src/stm32f3xx_hal_cortex.o
 .debug_macro   0x0001a258      0x1e1 ./Drivers/STM32F3xx_HAL_Driver/Src/stm32f3xx_hal_gpio.o
 .debug_macro   0x0001a439      0x1fe ./Drivers/STM32F3xx_HAL_Driver/Src/stm32f3xx_hal_rcc.o
 .debug_macro   0x0001a637      0x1e2 ./Drivers/STM32F3xx_HAL_Driver/Src/stm32f3xx_hal_spi.o
 .debug_macro   0x0001a819      0x1db ./Drivers/STM32F3xx_HAL_Driver/Src/stm32f3xx_hal_tim.o
 .debug_macro   0x0001a9f4      0x1da ./Drivers/STM32F3xx_HAL_Driver/Src/stm32f3xx_hal_tim_ex.o
 .debug_macro   0x0001abce      0x1f7 ./Drivers/STM32F3xx_HAL_Driver/Src/stm32f3xx_hal_uart.o

.debug_line     0x00000000    0x10e13
 .debug_line    0x00000000      0xc30 ./Core/Src/WS2812B.o
 .debug_line    0x00000c30      0x925 ./Core/Src/main.o
 .debug_line    0x00001555      0x86e ./Core/Src/stm32f3xx_hal_msp.o
 .debug_line    0x00001dc3      0x85e ./Core/Src/stm32f3xx_it.o
 .debug_line    0x00002621      0x815 ./Core/Src/system_stm32f3xx.o
 .debug_line    0x00002e36       0x7a ./Core/Startup/startup_stm32f303k8tx.o
 .debug_line    0x00002eb0      0xa4d ./Drivers/STM32F3xx_HAL_Driver/Src/stm32f3xx_hal.o
 .debug_line    0x000038fd      0xc33 ./Drivers/STM32F3xx_HAL_Driver/Src/stm32f3xx_hal_cortex.o
 .debug_line    0x00004530      0xbb0 ./Drivers/STM32F3xx_HAL_Driver/Src/stm32f3xx_hal_gpio.o
 .debug_line    0x000050e0     0x13e1 ./Drivers/STM32F3xx_HAL_Driver/Src/stm32f3xx_hal_rcc.o
 .debug_line    0x000064c1     0x2043 ./Drivers/STM32F3xx_HAL_Driver/Src/stm32f3xx_hal_spi.o
 .debug_line    0x00008504     0x3d2b ./Drivers/STM32F3xx_HAL_Driver/Src/stm32f3xx_hal_tim.o
 .debug_line    0x0000c22f     0x1ab9 ./Drivers/STM32F3xx_HAL_Driver/Src/stm32f3xx_hal_tim_ex.o
 .debug_line    0x0000dce8     0x312b ./Drivers/STM32F3xx_HAL_Driver/Src/stm32f3xx_hal_uart.o

.debug_str      0x00000000    0xa2dcc
 .debug_str     0x00000000    0x9f6d5 ./Core/Src/WS2812B.o
                              0x9fa2f (size before relaxing)
 .debug_str     0x0009f6d5      0x58b ./Core/Src/main.o
                              0x9ff36 (size before relaxing)
 .debug_str     0x0009fc60      0x134 ./Core/Src/stm32f3xx_hal_msp.o
                              0x9fd2c (size before relaxing)
 .debug_str     0x0009fd94       0xc9 ./Core/Src/stm32f3xx_it.o
                              0x9f36a (size before relaxing)
 .debug_str     0x0009fe5d       0xe9 ./Core/Src/system_stm32f3xx.o
                              0x9f31f (size before relaxing)
 .debug_str     0x0009ff46       0x44 ./Core/Startup/startup_stm32f303k8tx.o
                                 0x84 (size before relaxing)
 .debug_str     0x0009ff8a      0x5f3 ./Drivers/STM32F3xx_HAL_Driver/Src/stm32f3xx_hal.o
                              0x9fa0f (size before relaxing)
 .debug_str     0x000a057d      0x25d ./Drivers/STM32F3xx_HAL_Driver/Src/stm32f3xx_hal_cortex.o
                              0x9f934 (size before relaxing)
 .debug_str     0x000a07da      0x1bb ./Drivers/STM32F3xx_HAL_Driver/Src/stm32f3xx_hal_gpio.o
                              0x9f4fe (size before relaxing)
 .debug_str     0x000a0995      0x2d1 ./Drivers/STM32F3xx_HAL_Driver/Src/stm32f3xx_hal_rcc.o
                              0x9f7bf (size before relaxing)
 .debug_str     0x000a0c66      0x5a7 ./Drivers/STM32F3xx_HAL_Driver/Src/stm32f3xx_hal_spi.o
                              0x9fc37 (size before relaxing)
 .debug_str     0x000a120d      0xe86 ./Drivers/STM32F3xx_HAL_Driver/Src/stm32f3xx_hal_tim.o
                              0xa0756 (size before relaxing)
 .debug_str     0x000a2093      0x4dc ./Drivers/STM32F3xx_HAL_Driver/Src/stm32f3xx_hal_tim_ex.o
                              0x9ff9c (size before relaxing)
 .debug_str     0x000a256f      0x85d ./Drivers/STM32F3xx_HAL_Driver/Src/stm32f3xx_hal_uart.o
                              0xa0042 (size before relaxing)

.comment        0x00000000       0x43
 .comment       0x00000000       0x43 ./Core/Src/WS2812B.o
                                 0x44 (size before relaxing)
 .comment       0x00000043       0x44 ./Core/Src/main.o
 .comment       0x00000043       0x44 ./Core/Src/stm32f3xx_hal_msp.o
 .comment       0x00000043       0x44 ./Core/Src/stm32f3xx_it.o
 .comment       0x00000043       0x44 ./Core/Src/system_stm32f3xx.o
 .comment       0x00000043       0x44 ./Drivers/STM32F3xx_HAL_Driver/Src/stm32f3xx_hal.o
 .comment       0x00000043       0x44 ./Drivers/STM32F3xx_HAL_Driver/Src/stm32f3xx_hal_cortex.o
 .comment       0x00000043       0x44 ./Drivers/STM32F3xx_HAL_Driver/Src/stm32f3xx_hal_gpio.o
 .comment       0x00000043       0x44 ./Drivers/STM32F3xx_HAL_Driver/Src/stm32f3xx_hal_rcc.o
 .comment       0x00000043       0x44 ./Drivers/STM32F3xx_HAL_Driver/Src/stm32f3xx_hal_spi.o
 .comment       0x00000043       0x44 ./Drivers/STM32F3xx_HAL_Driver/Src/stm32f3xx_hal_tim.o
 .comment       0x00000043       0x44 ./Drivers/STM32F3xx_HAL_Driver/Src/stm32f3xx_hal_tim_ex.o
 .comment       0x00000043       0x44 ./Drivers/STM32F3xx_HAL_Driver/Src/stm32f3xx_hal_uart.o

.debug_frame    0x00000000     0x3b04
 .debug_frame   0x00000000      0x1b4 ./Core/Src/WS2812B.o
 .debug_frame   0x000001b4       0xec ./Core/Src/main.o
 .debug_frame   0x000002a0      0x118 ./Core/Src/stm32f3xx_hal_msp.o
 .debug_frame   0x000003b8      0x104 ./Core/Src/stm32f3xx_it.o
 .debug_frame   0x000004bc       0x58 ./Core/Src/system_stm32f3xx.o
 .debug_frame   0x00000514      0x334 ./Drivers/STM32F3xx_HAL_Driver/Src/stm32f3xx_hal.o
 .debug_frame   0x00000848      0x428 ./Drivers/STM32F3xx_HAL_Driver/Src/stm32f3xx_hal_cortex.o
 .debug_frame   0x00000c70      0x14c ./Drivers/STM32F3xx_HAL_Driver/Src/stm32f3xx_hal_gpio.o
 .debug_frame   0x00000dbc      0x214 ./Drivers/STM32F3xx_HAL_Driver/Src/stm32f3xx_hal_rcc.o
 .debug_frame   0x00000fd0      0x860 ./Drivers/STM32F3xx_HAL_Driver/Src/stm32f3xx_hal_spi.o
 .debug_frame   0x00001830     0x1218 ./Drivers/STM32F3xx_HAL_Driver/Src/stm32f3xx_hal_tim.o
 .debug_frame   0x00002a48      0x688 ./Drivers/STM32F3xx_HAL_Driver/Src/stm32f3xx_hal_tim_ex.o
 .debug_frame   0x000030d0      0x9e8 ./Drivers/STM32F3xx_HAL_Driver/Src/stm32f3xx_hal_uart.o
 .debug_frame   0x00003ab8       0x20 C:/ST/STM32CubeIDE_1.15.1/STM32CubeIDE/plugins/com.st.stm32cube.ide.mcu.externaltools.gnu-tools-for-stm32.12.3.rel1.win32_1.0.200.202406191623/tools/bin/../lib/gcc/arm-none-eabi/12.3.1/../../../../arm-none-eabi/lib/thumb/v7e-m+fp/hard\libc_nano.a(libc_a-memset.o)
 .debug_frame   0x00003ad8       0x2c C:/ST/STM32CubeIDE_1.15.1/STM32CubeIDE/plugins/com.st.stm32cube.ide.mcu.externaltools.gnu-tools-for-stm32.12.3.rel1.win32_1.0.200.202406191623/tools/bin/../lib/gcc/arm-none-eabi/12.3.1/../../../../arm-none-eabi/lib/thumb/v7e-m+fp/hard\libc_nano.a(libc_a-init.o)

.debug_line_str
                0x00000000       0x68
 .debug_line_str
                0x00000000       0x68 ./Core/Startup/startup_stm32f303k8tx.o
