../Core/Src/main.c:84:5:main	8	static
../Core/Src/main.c:140:6:SystemClock_Config	72	static
../Core/Src/main.c:179:13:MX_SPI1_Init	8	static
../Core/Src/main.c:219:13:MX_TIM7_Init	24	static
../Core/Src/main.c:257:13:MX_USART2_UART_Init	8	static
../Core/Src/main.c:292:13:MX_GPIO_Init	16	static
../Core/Src/main.c:306:6:wait_290us	4	static
../Core/Src/main.c:311:6:robohan_color	24	static
../Core/Src/main.c:341:6:ws2812b_rainbow	24	static
../Core/Src/main.c:416:6:rainbow_flow	48	static
../Core/Src/main.c:438:6:Error_Handler	4	static,ignoring_inline_asm
